Microchip MPLAB XC8 Compiler V1.44 ()

Linker command line:

-W-3 --edf=C:\Program Files\Microchip\xc8\v1.44\dat\en_msgs.txt -cs \
  -h+dist/default/production\C_settorezero_es04_Display_HD44780.X.production.sym \
  --cmf=dist/default/production\C_settorezero_es04_Display_HD44780.X.production.cmf \
  -z -Q16F887 -oC:\Users\Gianni\AppData\Local\Temp\s7ts.2 \
  -Mdist/default/production/C_settorezero_es04_Display_HD44780.X.production.map \
  -E1 -ver=XC8 -ASTACK=0110h-016fh -pstack=STACK -ACODE=00h-07FFhx4 \
  -ASTRCODE=00h-01FFFh -ASTRING=00h-0FFhx32 -ACONST=00h-0FFhx32 \
  -AENTRY=00h-0FFhx32 -ACOMMON=070h-07Fh -ABANK0=020h-06Fh \
  -ABANK1=0A0h-0EFh -ABANK2=0110h-016Fh -ABANK3=0190h-01EFh \
  -ARAM=020h-06Fh,0A0h-0EFh,0110h-016Fh,0190h-01EFh \
  -AABS1=020h-07Fh,0A0h-0EFh,0110h-016Fh,0190h-01EFh -ASFR0=00h-01Fh \
  -ASFR1=080h-09Fh -ASFR2=0100h-010Fh -ASFR3=0180h-018Fh \
  -preset_vec=00h,intentry,init,end_init -ppowerup=CODE -pcinit=CODE \
  -pfunctab=ENTRY -ACONFIG=02007h-02008h -pconfig=CONFIG -DCONFIG=2 \
  -AIDLOC=02000h-02003h -pidloc=IDLOC -DIDLOC=2 -AEEDATA=00h-0FFh/02100h \
  -peeprom_data=EEDATA -DEEDATA=2 -DCODE=2 -DSTRCODE=2 -DSTRING=2 -DCONST=2 \
  -DENTRY=2 -k C:\Users\Gianni\AppData\Local\Temp\s7ts.obj \
  dist/default/production\C_settorezero_es04_Display_HD44780.X.production.obj 

Object code version is 3.11

Machine type is 16F887



                Name                               Link     Load   Length Selector   Space Scale
C:\Users\Gianni\AppData\Local\Temp\s7ts.obj
                end_init                              0        0        3        0       0
                config                             2007     2007        2     400E       0
dist/default/production\C_settorezero_es04_Display_HD44780.X.production.obj
                cinit                               7F8      7F8        8      FF0       0
                text37                             1E7D     1E7D        C     3CFA       0
                text36                             1E72     1E72        B     3CE4       0
                text35                             1F95     1F95       2F     3F2A       0
                text34                             1EBE     1EBE       20     3D7C       0
                text33                             1159     1159       17     22B2       0
                text32                             1E51     1E51        8     3CA2       0
                text31                             1E59     1E59        8     3CB2       0
                text30                             1E69     1E69        9     3CD2       0
                text29                              805      805       65     100A       0
                text28                             1207     1207       53     240E       0
                text27                             145C     145C       77     28B8       0
                text26                             1F20     1F20       23     3E40       0
                text25                                3        3       5D        0       0
                text24                             1E61     1E61        8     3CC2       0
                text23                             137E     137E       6C     26FC       0
                text22                             16F7     16F7      109     2DEE       0
                text21                             1EDE     1EDE       21     3DBC       0
                text20                             14D3     14D3       8E     29A6       0
                text19                             12B5     12B5       5E     256A       0
                text18                             11BB     11BB       4C     2376       0
                text17                             1F6A     1F6A       2B     3ED4       0
                text16                             1EFF     1EFF       21     3DFE       0
                text15                               60       60      132       C0       0
                text14                             1561     1561       C3     2AC2       0
                text13                             125A     125A       5B     24B4       0
                text12                             1170     1170       4B     22E0       0
                text11                             1E97     1E97       13     3D2E       0
                text10                             1624     1624       D3     2C48       0
                text9                               86A      86A      1B2     10D4       0
                text8                              1E89     1E89        E     3D12       0
                text7                               A1C      A1C      2CB     1438       0
                text6                               192      192      666      324       0
                text5                              13EA     13EA       72     27D4       0
                text4                              1FC4     1FC4       3C     3F88       0
                text3                              1313     1313       6B     2626       0
                text2                              1F43     1F43       27     3E86       0
                text1                              1EAA     1EAA       14     3D54       0
                maintext                            CE7      CE7      319     19CE       0
                cstackBANK0                          20       20       4D       20       1
                cstackCOMMON                         70       70        E       70       1
                cstackBANK1                          A0       A0       3A       A0       1
                bssBANK0                             6D       6D        2       20       1
                stringtext                         1000     1000      157       20       0

TOTAL           Name                               Link     Load   Length     Space
        CLASS   STACK          

        CLASS   CODE           
                end_init                              0        0        3         0
                cinit                               7F8      7F8        8         0
                text37                             1E7D     1E7D        C         0
                text36                             1E72     1E72        B         0
                text35                             1F95     1F95       2F         0
                text34                             1EBE     1EBE       20         0
                text33                             1159     1159       17         0
                text32                             1E51     1E51        8         0
                text31                             1E59     1E59        8         0
                text30                             1E69     1E69        9         0
                text29                              805      805       65         0
                text28                             1207     1207       53         0
                text27                             145C     145C       77         0
                text26                             1F20     1F20       23         0
                text25                                3        3       5D         0
                text24                             1E61     1E61        8         0
                text23                             137E     137E       6C         0
                text22                             16F7     16F7      109         0
                text21                             1EDE     1EDE       21         0
                text20                             14D3     14D3       8E         0
                text19                             12B5     12B5       5E         0
                text18                             11BB     11BB       4C         0
                text17                             1F6A     1F6A       2B         0
                text16                             1EFF     1EFF       21         0
                text15                               60       60      132         0
                text14                             1561     1561       C3         0
                text13                             125A     125A       5B         0
                text12                             1170     1170       4B         0
                text11                             1E97     1E97       13         0
                text10                             1624     1624       D3         0
                text9                               86A      86A      1B2         0
                text8                              1E89     1E89        E         0
                text7                               A1C      A1C      2CB         0
                text6                               192      192      666         0
                text5                              13EA     13EA       72         0
                text4                              1FC4     1FC4       3C         0
                text3                              1313     1313       6B         0
                text2                              1F43     1F43       27         0
                text1                              1EAA     1EAA       14         0
                maintext                            CE7      CE7      319         0

        CLASS   STRCODE        
                stringtext                         1000     1000      157         0

        CLASS   STRING         

        CLASS   CONST          

        CLASS   ENTRY          

        CLASS   COMMON         
                cstackCOMMON                         70       70        E         1

        CLASS   BANK0          
                cstackBANK0                          20       20       4D         1
                bssBANK0                             6D       6D        2         1

        CLASS   BANK1          
                cstackBANK1                          A0       A0       3A         1

        CLASS   BANK2          

        CLASS   BANK3          

        CLASS   RAM            

        CLASS   ABS1           
                abs_s1                               7E       7E        2         1

        CLASS   SFR0           

        CLASS   SFR1           

        CLASS   SFR2           

        CLASS   SFR3           

        CLASS   CONFIG         
                config                             2007     2007        2         0

        CLASS   IDLOC          

        CLASS   EEDATA         



SEGMENTS        Name                           Load    Length   Top    Selector   Space  Class     Delta

                reset_vec                      000000  000060  000060         0       0  CODE        2
                cstackBANK0                    000020  00004F  00006F        20       1  BANK0       1
                cstackCOMMON                   000070  00000E  00007E        70       1  COMMON      1
                cstackBANK1                    0000A0  00003A  0000DA        A0       1  BANK1       1
                text15                         000060  000132  000192        C0       0  CODE        2
                text6                          000192  000666  0007F8       324       0  CODE        2
                cinit                          0007F8  000008  000800       FF0       0  CODE        2
                text29                         000805  000065  00086A      100A       0  CODE        2
                text9                          00086A  0001B2  000A1C      10D4       0  CODE        2
                text7                          000A1C  0002CB  000CE7      1438       0  CODE        2
                maintext                       000CE7  000319  001000      19CE       0  CODE        2
                stringtext                     001000  000157  001157        20       0  STRCODE     2
                text33                         001159  000017  001170      22B2       0  CODE        2
                text12                         001170  00004B  0011BB      22E0       0  CODE        2
                text18                         0011BB  00004C  001207      2376       0  CODE        2
                text28                         001207  000053  00125A      240E       0  CODE        2
                text13                         00125A  00005B  0012B5      24B4       0  CODE        2
                text19                         0012B5  00005E  001313      256A       0  CODE        2
                text3                          001313  00006B  00137E      2626       0  CODE        2
                text23                         00137E  00006C  0013EA      26FC       0  CODE        2
                text5                          0013EA  000072  00145C      27D4       0  CODE        2
                text27                         00145C  000077  0014D3      28B8       0  CODE        2
                text20                         0014D3  00008E  001561      29A6       0  CODE        2
                text14                         001561  0000C3  001624      2AC2       0  CODE        2
                text10                         001624  0000D3  0016F7      2C48       0  CODE        2
                text22                         0016F7  000109  001800      2DEE       0  CODE        2
                text32                         001E51  000008  001E59      3CA2       0  CODE        2
                text31                         001E59  000008  001E61      3CB2       0  CODE        2
                text24                         001E61  000008  001E69      3CC2       0  CODE        2
                text30                         001E69  000009  001E72      3CD2       0  CODE        2
                text36                         001E72  00000B  001E7D      3CE4       0  CODE        2
                text37                         001E7D  00000C  001E89      3CFA       0  CODE        2
                text8                          001E89  00000E  001E97      3D12       0  CODE        2
                text11                         001E97  000013  001EAA      3D2E       0  CODE        2
                text1                          001EAA  000014  001EBE      3D54       0  CODE        2
                text34                         001EBE  000020  001EDE      3D7C       0  CODE        2
                text21                         001EDE  000021  001EFF      3DBC       0  CODE        2
                text16                         001EFF  000021  001F20      3DFE       0  CODE        2
                text26                         001F20  000023  001F43      3E40       0  CODE        2
                text2                          001F43  000027  001F6A      3E86       0  CODE        2
                text17                         001F6A  00002B  001F95      3ED4       0  CODE        2
                text35                         001F95  00002F  001FC4      3F2A       0  CODE        2
                text4                          001FC4  00003C  002000      3F88       0  CODE        2
                config                         002007  000002  002009      400E       0  CONFIG      2


UNUSED ADDRESS RANGES

        Name                Unused          Largest block    Delta
        BANK0            006F-006F              1           1
        BANK1            00DA-00EF             16           1
        BANK2            0110-016F             60           1
        BANK3            0190-01EF             60           1
        CODE             0800-0804              5           2
                         1157-1158              2
                         1800-1E50            651
        CONST            0800-0804              5           2
                         1157-1158              2
                         1800-1E50            100
        EEDATA           2100-21FF            100           2
        ENTRY            0800-0804              5           2
                         1157-1158              2
                         1800-1E50            100
        IDLOC            2000-2003              4           2
        RAM              006F-006F              1           1
                         00DA-00EF             16
                         0110-016F             60
                         0190-01EF             60
        SFR0             0000-001F             20           1
        SFR1             0080-009F             20           1
        SFR2             0100-010F             10           1
        SFR3             0180-018F             10           1
        STACK            0110-016F             60           1
        STRCODE          0800-0804              5           2
                         1157-1158              2
                         1800-1E50            651
        STRING           0800-0804              5           2
                         1157-1158              2
                         1800-1E50            100

                                  Symbol Table

?___awdiv                cstackCOMMON 0077
?___awmod                cstackCOMMON 0070
?___ftadd                cstackBANK0  0047
?___ftmul                cstackBANK0  0027
?___ftneg                cstackCOMMON 0070
?___ftpack               cstackCOMMON 0070
?___ftsub                cstackBANK0  0054
?___fttol                cstackBANK0  0040
?___lldiv                cstackCOMMON 0070
?___llmod                cstackCOMMON 0070
?___lltoft               cstackCOMMON 0078
?___lwdiv                cstackCOMMON 0070
?___wmul                 cstackCOMMON 0070
?__div_to_l_             cstackCOMMON 0070
?__tdiv_to_l_            cstackCOMMON 0070
?_fround                 cstackBANK0  0037
?_scale                  cstackBANK0  0037
?_sprintf                cstackBANK0  005A
LCD_Backlight@backlight  cstackCOMMON 0070
LCD_Customchar@b         cstackCOMMON 0075
LCD_Customchar@pos       cstackCOMMON 007A
LCD_Customchar@u         cstackCOMMON 007B
LCD_Goto@col             cstackCOMMON 0075
LCD_Goto@row             cstackCOMMON 0077
LCD_Putchar@c            cstackCOMMON 0073
LCD_Writeflo@buf         cstackBANK1  00B7
LCD_Writeflo@c           cstackBANK0  0065
LCD_Writeflo@p           cstackBANK0  0068
LCD_Writesig@c           cstackBANK0  0025
LCD_Writestr@s           cstackCOMMON 0074
LCD_Writeuns@c           cstackCOMMON 0078
LCD_Writeuns@i           cstackBANK0  0024
LCD_Writeuns@k           cstackBANK0  0021
LCD_Writeuns@t1          cstackBANK0  0023
LCD_Writeuns@wrote       cstackBANK0  0020
_ADCON0bits              (abs)        001F
_ANSEL                   (abs)        0188
_ANSELH                  (abs)        0189
_LCD_Backlight           text37       1E7D
_LCD_Clear               text31       1E59
_LCD_Customchar          text29       0805
_LCD_Goto                text28       1207
_LCD_Init                text27       145C
_LCD_Putchar             text30       1E69
_LCD_Writeflo            text5        13EA
_LCD_Writesig            text2        1F43
_LCD_Writestr            text26       1F20
_LCD_Writeuns            text3        1313
_PORTCbits               (abs)        0007
_PORTDbits               (abs)        0008
_TRISA                   (abs)        0085
_TRISB                   (abs)        0086
_TRISC                   (abs)        0087
_TRISCbits               (abs)        0087
_TRISD                   (abs)        0088
_TRISDbits               (abs)        0088
_TRISE                   (abs)        0089
__CFG_BOR4V$BOR21V       (abs)        0000
__CFG_BOREN$OFF          (abs)        0000
__CFG_CP$OFF             (abs)        0000
__CFG_CPD$OFF            (abs)        0000
__CFG_FCMEN$OFF          (abs)        0000
__CFG_FOSC$HS            (abs)        0000
__CFG_IESO$OFF           (abs)        0000
__CFG_LVP$OFF            (abs)        0000
__CFG_MCLRE$ON           (abs)        0000
__CFG_PWRTE$ON           (abs)        0000
__CFG_WDTE$OFF           (abs)        0000
__CFG_WRT$OFF            (abs)        0000
__Habs1                  abs1         0000
__Hbank0                 bank0        0000
__Hbank1                 bank1        0000
__Hbank2                 bank2        0000
__Hbank3                 bank3        0000
__HbssBANK0              bssBANK0     0000
__Hcinit                 cinit        0800
__Hclrtext               clrtext      0000
__Hcode                  code         0000
__Hcommon                common       0000
__Hconfig                config       2009
__HcstackBANK0           cstackBANK0  0000
__HcstackBANK1           cstackBANK1  0000
__HcstackCOMMON          cstackCOMMON 0000
__Heeprom_data           eeprom_data  0000
__Hend_init              end_init     0003
__Hfunctab               functab      0000
__Hidloc                 idloc        0000
__Hinit                  init         0000
__Hintentry              intentry     0000
__Hmaintext              maintext     0000
__Hpowerup               powerup      0000
__Hram                   ram          0000
__Hreset_vec             reset_vec    0000
__Hsfr0                  sfr0         0000
__Hsfr1                  sfr1         0000
__Hsfr2                  sfr2         0000
__Hsfr3                  sfr3         0000
__Hspace_0               (abs)        2009
__Hspace_1               (abs)        00DA
__Hspace_2               (abs)        0000
__Hspace_3               (abs)        0000
__Hstack                 stack        0000
__Hstrings               strings      0000
__Hstringtext            stringtext   0000
__Htext                  text         0000
__LCD_Command            text32       1E51
__LCD_Command@cmd        cstackCOMMON 0073
__LCD_Isbusy             text35       1F95
__LCD_Isbusy@busyFlag    bssBANK0     006E
__LCD_Isbusy@tempRS      bssBANK0     006D
__LCD_Nibble             text34       1EBE
__LCD_Nibble@nibble      cstackCOMMON 0071
__LCD_Sendbyte           text33       1159
__LCD_Sendbyte@b         cstackCOMMON 0072
__LCD_Strobe             text36       1E72
__Labs1                  abs1         0000
__Lbank0                 bank0        0000
__Lbank1                 bank1        0000
__Lbank2                 bank2        0000
__Lbank3                 bank3        0000
__LbssBANK0              bssBANK0     0000
__Lcinit                 cinit        07F8
__Lclrtext               clrtext      0000
__Lcode                  code         0000
__Lcommon                common       0000
__Lconfig                config       2007
__LcstackBANK0           cstackBANK0  0000
__LcstackBANK1           cstackBANK1  0000
__LcstackCOMMON          cstackCOMMON 0000
__Leeprom_data           eeprom_data  0000
__Lend_init              end_init     0000
__Lfunctab               functab      0000
__Lidloc                 idloc        0000
__Linit                  init         0000
__Lintentry              intentry     0000
__Lmaintext              maintext     0000
__Lpowerup               powerup      0000
__Lram                   ram          0000
__Lreset_vec             reset_vec    0000
__Lsfr0                  sfr0         0000
__Lsfr1                  sfr1         0000
__Lsfr2                  sfr2         0000
__Lsfr3                  sfr3         0000
__Lspace_0               (abs)        0000
__Lspace_1               (abs)        0000
__Lspace_2               (abs)        0000
__Lspace_3               (abs)        0000
__Lstack                 stack        0000
__Lstrings               strings      0000
__Lstringtext            stringtext   0000
__Ltext                  text         0000
__S0                     (abs)        2009
__S1                     (abs)        00DA
__S2                     (abs)        0000
__S3                     (abs)        0000
___awdiv                 text13       125A
___awdiv@counter         cstackBANK0  0020
___awdiv@dividend        cstackCOMMON 0079
___awdiv@divisor         cstackCOMMON 0077
___awdiv@quotient        cstackBANK0  0022
___awdiv@sign            cstackBANK0  0021
___awmod                 text12       1170
___awmod@counter         cstackCOMMON 0075
___awmod@dividend        cstackCOMMON 0072
___awmod@divisor         cstackCOMMON 0070
___awmod@sign            cstackCOMMON 0076
___bmul                  text11       1E97
___bmul@multiplicand     cstackBANK0  0024
___bmul@multiplier       cstackBANK0  0026
___bmul@product          cstackBANK0  0025
___ftadd                 text22       16F7
___ftadd@exp1            cstackBANK0  0053
___ftadd@exp2            cstackBANK0  0052
___ftadd@f1              cstackBANK0  0047
___ftadd@f2              cstackBANK0  004A
___ftadd@sign            cstackBANK0  0051
___ftge                  text25       0003
___ftge@ff1              cstackCOMMON 0070
___ftge@ff2              cstackCOMMON 0073
___ftmul                 text10       1624
___ftmul@cntr            cstackBANK0  0035
___ftmul@exp             cstackBANK0  0031
___ftmul@f1              cstackBANK0  0027
___ftmul@f2              cstackBANK0  002A
___ftmul@f3_as_product   cstackBANK0  0032
___ftmul@sign            cstackBANK0  0036
___ftneg                 text24       1E61
___ftneg@f1              cstackCOMMON 0070
___ftpack                text23       137E
___ftpack@arg            cstackCOMMON 0070
___ftpack@exp            cstackCOMMON 0073
___ftpack@sign           cstackCOMMON 0074
___ftsub                 text21       1EDE
___ftsub@f1              cstackBANK0  0057
___ftsub@f2              cstackBANK0  0054
___fttol                 text20       14D3
___fttol@exp1            cstackBANK0  004D
___fttol@f1              cstackBANK0  0040
___fttol@lval            cstackBANK0  0049
___fttol@sign1           cstackBANK0  0048
___int_sp                stack        0000
___latbits               (abs)        0002
___lldiv                 text19       12B5
___lldiv@counter         cstackCOMMON 007D
___lldiv@dividend        cstackCOMMON 0074
___lldiv@divisor         cstackCOMMON 0070
___lldiv@quotient        cstackCOMMON 0079
___llmod                 text18       11BB
___llmod@counter         cstackCOMMON 0079
___llmod@dividend        cstackCOMMON 0074
___llmod@divisor         cstackCOMMON 0070
___lltoft                text17       1F6A
___lltoft@c              cstackCOMMON 0078
___lltoft@exp            cstackCOMMON 007D
___lwdiv                 text4        1FC4
___lwdiv@counter         cstackCOMMON 0077
___lwdiv@dividend        cstackCOMMON 0072
___lwdiv@divisor         cstackCOMMON 0070
___lwdiv@quotient        cstackCOMMON 0075
___sp                    stack        0000
___wmul                  text16       1EFF
___wmul@multiplicand     cstackCOMMON 0072
___wmul@multiplier       cstackCOMMON 0070
___wmul@product          cstackCOMMON 0074
__div_to_l_              text15       0060
__div_to_l_@cntr         cstackBANK0  0024
__div_to_l_@exp1         cstackBANK0  0025
__div_to_l_@f1           cstackCOMMON 0070
__div_to_l_@f2           cstackCOMMON 0073
__div_to_l_@quot         cstackBANK0  0020
__end_of_LCD_Backlight   text37       1E89
__end_of_LCD_Clear       text31       1E61
__end_of_LCD_Customchar  text29       086A
__end_of_LCD_Goto        text28       125A
__end_of_LCD_Init        text27       14D3
__end_of_LCD_Putchar     text30       1E72
__end_of_LCD_Writeflo    text5        145C
__end_of_LCD_Writesig    text2        1F6A
__end_of_LCD_Writestr    text26       1F43
__end_of_LCD_Writeuns    text3        137E
__end_of__LCD_Command    text32       1E59
__end_of__LCD_Isbusy     text35       1FC4
__end_of__LCD_Nibble     text34       1EDE
__end_of__LCD_Sendbyte   text33       1170
__end_of__LCD_Strobe     text36       1E7D
__end_of___awdiv         text13       12B5
__end_of___awmod         text12       11BB
__end_of___bmul          text11       1EAA
__end_of___ftadd         text22       1800
__end_of___ftge          text25       0060
__end_of___ftmul         text10       16F7
__end_of___ftneg         text24       1E69
__end_of___ftpack        text23       13EA
__end_of___ftsub         text21       1EFF
__end_of___fttol         text20       1561
__end_of___lldiv         text19       1313
__end_of___llmod         text18       1207
__end_of___lltoft        text17       1F95
__end_of___lwdiv         text4        2000
__end_of___wmul          text16       1F20
__end_of__div_to_l_      text15       0192
__end_of__initialization cinit        07FC
__end_of__npowers_       stringtext   1088
__end_of__powers_        stringtext   1061
__end_of__stringtab      stringtext   1012
__end_of__tdiv_to_l_     text14       1624
__end_of_cuore           stringtext   10D8
__end_of_dot             stringtext   1098
__end_of_dpowers         stringtext   103A
__end_of_fround          text9        0A1C
__end_of_ghost           stringtext   1090
__end_of_invader         stringtext   10D0
__end_of_isdigit         text8        1E97
__end_of_main            maintext     1000
__end_of_pacmanl         stringtext   10A0
__end_of_pacmanr         stringtext   10A8
__end_of_play            stringtext   10E8
__end_of_sad             stringtext   10B0
__end_of_scale           text7        0CE7
__end_of_settings        text1        1EBE
__end_of_smile           stringtext   10B8
__end_of_sole            stringtext   10C8
__end_of_sprintf         text6        07F8
__end_of_stop            stringtext   10E0
__end_of_teschio         stringtext   10C0
__initialization         cinit        07F8
__npowers_               stringtext   1061
__pbssBANK0              bssBANK0     006D
__pcstackBANK0           cstackBANK0  0020
__pcstackBANK1           cstackBANK1  00A0
__pcstackCOMMON          cstackCOMMON 0070
__pmaintext              maintext     0CE7
__powers_                stringtext   103A
__pstringtext            stringtext   1000
__ptext1                 text1        1EAA
__ptext10                text10       1624
__ptext11                text11       1E97
__ptext12                text12       1170
__ptext13                text13       125A
__ptext14                text14       1561
__ptext15                text15       0060
__ptext16                text16       1EFF
__ptext17                text17       1F6A
__ptext18                text18       11BB
__ptext19                text19       12B5
__ptext2                 text2        1F43
__ptext20                text20       14D3
__ptext21                text21       1EDE
__ptext22                text22       16F7
__ptext23                text23       137E
__ptext24                text24       1E61
__ptext25                text25       0003
__ptext26                text26       1F20
__ptext27                text27       145C
__ptext28                text28       1207
__ptext29                text29       0805
__ptext3                 text3        1313
__ptext30                text30       1E69
__ptext31                text31       1E59
__ptext32                text32       1E51
__ptext33                text33       1159
__ptext34                text34       1EBE
__ptext35                text35       1F95
__ptext36                text36       1E72
__ptext37                text37       1E7D
__ptext4                 text4        1FC4
__ptext5                 text5        13EA
__ptext6                 text6        0192
__ptext7                 text7        0A1C
__ptext8                 text8        1E89
__ptext9                 text9        086A
__size_of_LCD_Backlight  (abs)        0000
__size_of_LCD_Clear      (abs)        0000
__size_of_LCD_Customchar (abs)        0000
__size_of_LCD_Goto       (abs)        0000
__size_of_LCD_Init       (abs)        0000
__size_of_LCD_Putchar    (abs)        0000
__size_of_LCD_Writeflo   (abs)        0000
__size_of_LCD_Writesig   (abs)        0000
__size_of_LCD_Writestr   (abs)        0000
__size_of_LCD_Writeuns   (abs)        0000
__size_of__LCD_Command   (abs)        0000
__size_of__LCD_Isbusy    (abs)        0000
__size_of__LCD_Nibble    (abs)        0000
__size_of__LCD_Sendbyte  (abs)        0000
__size_of__LCD_Strobe    (abs)        0000
__size_of___awdiv        (abs)        0000
__size_of___awmod        (abs)        0000
__size_of___bmul         (abs)        0000
__size_of___ftadd        (abs)        0000
__size_of___ftge         (abs)        0000
__size_of___ftmul        (abs)        0000
__size_of___ftneg        (abs)        0000
__size_of___ftpack       (abs)        0000
__size_of___ftsub        (abs)        0000
__size_of___fttol        (abs)        0000
__size_of___lldiv        (abs)        0000
__size_of___llmod        (abs)        0000
__size_of___lltoft       (abs)        0000
__size_of___lwdiv        (abs)        0000
__size_of___wmul         (abs)        0000
__size_of__div_to_l_     (abs)        0000
__size_of__tdiv_to_l_    (abs)        0000
__size_of_fround         (abs)        0000
__size_of_isdigit        (abs)        0000
__size_of_main           (abs)        0000
__size_of_scale          (abs)        0000
__size_of_settings       (abs)        0000
__size_of_sprintf        (abs)        0000
__stringbase             stringtext   1012
__stringtab              stringtext   1000
__tdiv_to_l_             text14       1561
__tdiv_to_l_@cntr        cstackBANK0  0024
__tdiv_to_l_@exp1        cstackBANK0  0025
__tdiv_to_l_@f1          cstackCOMMON 0070
__tdiv_to_l_@f2          cstackCOMMON 0073
__tdiv_to_l_@quot        cstackBANK0  0020
_cuore                   stringtext   10D0
_dot                     stringtext   1090
_dpowers                 stringtext   1012
_fround                  text9        086A
_fround$815              cstackBANK0  0043
_fround$816              cstackBANK0  0040
_ghost                   stringtext   1088
_invader                 stringtext   10C8
_isdigit                 text8        1E89
_isdigit$611             cstackCOMMON 0070
_main                    maintext     0CE7
_pacmanl                 stringtext   1098
_pacmanr                 stringtext   10A0
_play                    stringtext   10E0
_sad                     stringtext   10A8
_scale                   text7        0A1C
_scale$817               cstackBANK0  003C
_settings                text1        1EAA
_smile                   stringtext   10B0
_sole                    stringtext   10C0
_sprintf                 text6        0192
_sprintf$818             cstackBANK1  00A0
_stop                    stringtext   10D8
_teschio                 stringtext   10B8
btemp                    (abs)        007E
end_of_initialization    cinit        07FC
fround@prec              cstackBANK0  0046
intlevel0                functab      0000
intlevel1                functab      0000
intlevel2                functab      0000
intlevel3                functab      0000
intlevel4                functab      0000
intlevel5                functab      0000
isdigit@c                cstackCOMMON 0071
main@a                   cstackBANK1  00D9
main@b                   cstackBANK1  00D7
main@b_163               cstackBANK1  00D4
main@c                   cstackBANK1  00D6
main@numeroa             cstackBANK1  00CB
main@numerob             cstackBANK1  00CE
main@numeroc             cstackBANK1  00D1
main@posD                cstackBANK1  00D5
main@posU                cstackBANK1  00D8
reset_vec                reset_vec    0000
scale@scl                cstackBANK0  003F
sprintf@ap               cstackBANK1  00A3
sprintf@c                cstackBANK1  00B6
sprintf@exp              cstackBANK1  00AA
sprintf@f                cstackBANK0  005A
sprintf@flag             cstackBANK1  00A4
sprintf@fval             cstackBANK1  00B3
sprintf@prec             cstackBANK1  00B0
sprintf@sp               cstackBANK1  00B2
sprintf@tmpval           cstackBANK1  00AC
sprintf@val              cstackBANK1  00A6
stackhi                  (abs)        0000
stacklo                  (abs)        0000
start                    init         0000
start_initialization     cinit        07F8
wtemp0                   (abs)        007E


FUNCTION INFORMATION:

 *************** function _main *****************
 Defined at:
		line 83 in file "main.c"
 Parameters:    Size  Location     Type
		None
 Auto vars:     Size  Location     Type
  b               1   52[BANK1 ] char 
  b               1   55[BANK1 ] char 
  a               1   57[BANK1 ] unsigned char 
  c               1   54[BANK1 ] char 
  numeroc         3   49[BANK1 ] float 
  numerob         3   46[BANK1 ] float 
  numeroa         3   43[BANK1 ] float 
  posU            1   56[BANK1 ] unsigned char 
  posD            1   53[BANK1 ] unsigned char 
 Return value:  Size  Location     Type
                  2   68[None  ] int 
 Registers used:
		wreg, fsr0l, fsr0h, status,2, status,0, btemp+1, pclath, cstack
 Tracked objects:
		On entry : 
		On exit  : 
		Unchanged: 
 Data sizes:     COMMON   BANK0   BANK1   BANK3   BANK2
      Params:         0       0       0       0       0
      Locals:         0       0      15       0       0
      Temps:          0       3       0       0       0
      Totals:         0       3      15       0       0
Total ram usage:       18 bytes
 Hardware stack levels required when called:    6
 This function calls:
		_LCD_Backlight
		_LCD_Clear
		_LCD_Customchar
		_LCD_Goto
		_LCD_Init
		_LCD_Putchar
		_LCD_Writeflo
		_LCD_Writesig
		_LCD_Writestr
		_LCD_Writeuns
		_settings
 This function is called by:
		Startup code after reset
 This function uses a non-reentrant model


 *************** function _settings *****************
 Defined at:
		line 212 in file "main.c"
 Parameters:    Size  Location     Type
		None
 Auto vars:     Size  Location     Type
		None
 Return value:  Size  Location     Type
                  1    wreg      void 
 Registers used:
		wreg, status,2
 Tracked objects:
		On entry : 
		On exit  : 
		Unchanged: 
 Data sizes:     COMMON   BANK0   BANK1   BANK3   BANK2
      Params:         0       0       0       0       0
      Locals:         0       0       0       0       0
      Temps:          0       0       0       0       0
      Totals:         0       0       0       0       0
Total ram usage:        0 bytes
 Hardware stack levels used:    1
 This function calls:
		Nothing
 This function is called by:
		_main
 This function uses a non-reentrant model


 *************** function _LCD_Writesig *****************
 Defined at:
		line 192 in file "hd44780sz.c"
 Parameters:    Size  Location     Type
  c               2    5[BANK0 ] int 
 Auto vars:     Size  Location     Type
		None
 Return value:  Size  Location     Type
                  1    wreg      void 
 Registers used:
		wreg, fsr0l, fsr0h, status,2, status,0, pclath, cstack
 Tracked objects:
		On entry : 
		On exit  : 
		Unchanged: 
 Data sizes:     COMMON   BANK0   BANK1   BANK3   BANK2
      Params:         0       2       0       0       0
      Locals:         0       0       0       0       0
      Temps:          0       0       0       0       0
      Totals:         0       2       0       0       0
Total ram usage:        2 bytes
 Hardware stack levels used:    1
 Hardware stack levels required when called:    5
 This function calls:
		_LCD_Putchar
		_LCD_Writeuns
		___wmul
 This function is called by:
		_main
 This function uses a non-reentrant model


 *************** function _LCD_Writeuns *****************
 Defined at:
		line 153 in file "hd44780sz.c"
 Parameters:    Size  Location     Type
  c               2    8[COMMON] unsigned int 
 Auto vars:     Size  Location     Type
  k               2    1[BANK0 ] unsigned int 
  i               1    4[BANK0 ] unsigned char 
  t1              1    3[BANK0 ] unsigned char 
  wrote           1    0[BANK0 ] unsigned char 
 Return value:  Size  Location     Type
                  1    wreg      void 
 Registers used:
		wreg, fsr0l, fsr0h, status,2, status,0, pclath, cstack
 Tracked objects:
		On entry : 
		On exit  : 
		Unchanged: 
 Data sizes:     COMMON   BANK0   BANK1   BANK3   BANK2
      Params:         2       0       0       0       0
      Locals:         0       5       0       0       0
      Temps:          2       0       0       0       0
      Totals:         4       5       0       0       0
Total ram usage:        9 bytes
 Hardware stack levels used:    1
 Hardware stack levels required when called:    4
 This function calls:
		_LCD_Putchar
		___lwdiv
		___wmul
 This function is called by:
		_main
		_LCD_Writesig
 This function uses a non-reentrant model


 *************** function ___lwdiv *****************
 Defined at:
		line 6 in file "C:\Program Files\Microchip\xc8\v1.44\sources\common\lwdiv.c"
 Parameters:    Size  Location     Type
  divisor         2    0[COMMON] unsigned int 
  dividend        2    2[COMMON] unsigned int 
 Auto vars:     Size  Location     Type
  quotient        2    5[COMMON] unsigned int 
  counter         1    7[COMMON] unsigned char 
 Return value:  Size  Location     Type
                  2    0[COMMON] unsigned int 
 Registers used:
		wreg, status,2, status,0
 Tracked objects:
		On entry : 
		On exit  : 
		Unchanged: 
 Data sizes:     COMMON   BANK0   BANK1   BANK3   BANK2
      Params:         4       0       0       0       0
      Locals:         3       0       0       0       0
      Temps:          1       0       0       0       0
      Totals:         8       0       0       0       0
Total ram usage:        8 bytes
 Hardware stack levels used:    1
 This function calls:
		Nothing
 This function is called by:
		_LCD_Writeuns
 This function uses a non-reentrant model


 *************** function _LCD_Writeflo *****************
 Defined at:
		line 212 in file "hd44780sz.c"
 Parameters:    Size  Location     Type
  c               3   69[BANK0 ] float 
  p               1   72[BANK0 ] unsigned char 
 Auto vars:     Size  Location     Type
  buf            20   23[BANK1 ] unsigned char [20]
 Return value:  Size  Location     Type
                  1    wreg      void 
 Registers used:
		wreg, fsr0l, fsr0h, status,2, status,0, btemp+1, pclath, cstack
 Tracked objects:
		On entry : 
		On exit  : 
		Unchanged: 
 Data sizes:     COMMON   BANK0   BANK1   BANK3   BANK2
      Params:         0       4       0       0       0
      Locals:         0       0      20       0       0
      Temps:          0       1       0       0       0
      Totals:         0       5      20       0       0
Total ram usage:       25 bytes
 Hardware stack levels used:    1
 Hardware stack levels required when called:    5
 This function calls:
		_LCD_Writestr
		_sprintf
 This function is called by:
		_main
 This function uses a non-reentrant model


 *************** function _sprintf *****************
 Defined at:
		line 492 in file "C:\Program Files\Microchip\xc8\v1.44\sources\common\doprnt.c"
 Parameters:    Size  Location     Type
  sp              1    wreg     PTR unsigned char 
		 -> LCD_Writeflo@buf(20), 
  f               2   58[BANK0 ] PTR const unsigned char 
		 -> STR_11(5), STR_10(5), STR_9(5), STR_8(5), 
 Auto vars:     Size  Location     Type
  sp              1   18[BANK1 ] PTR unsigned char 
		 -> LCD_Writeflo@buf(20), 
  tmpval          4   12[BANK1 ] struct .
  val             4    6[BANK1 ] unsigned long 
  fval            3   19[BANK1 ] unsigned long 
  prec            2   16[BANK1 ] int 
  exp             2   10[BANK1 ] int 
  flag            2    4[BANK1 ] unsigned short 
  cp              2    0        PTR const unsigned char 
  len             2    0        unsigned int 
  width           2    0        int 
  c               1   22[BANK1 ] char 
  ap              1    3[BANK1 ] PTR void [1]
		 -> ?_sprintf(2), 
  d               1    0        unsigned char 
 Return value:  Size  Location     Type
                  2   58[BANK0 ] int 
 Registers used:
		wreg, fsr0l, fsr0h, status,2, status,0, btemp+1, pclath, cstack
 Tracked objects:
		On entry : 
		On exit  : 
		Unchanged: 
 Data sizes:     COMMON   BANK0   BANK1   BANK3   BANK2
      Params:         0       5       0       0       0
      Locals:         0       0      23       0       0
      Temps:          0       6       0       0       0
      Totals:         0      11      23       0       0
Total ram usage:       34 bytes
 Hardware stack levels used:    1
 Hardware stack levels required when called:    3
 This function calls:
		___awdiv
		___ftadd
		___ftge
		___ftmul
		___ftneg
		___ftsub
		___fttol
		___lldiv
		___llmod
		___lltoft
		___wmul
		__div_to_l_
		__tdiv_to_l_
		_fround
		_isdigit
		_scale
 This function is called by:
		_LCD_Writeflo
 This function uses a non-reentrant model


 *************** function _scale *****************
 Defined at:
		line 425 in file "C:\Program Files\Microchip\xc8\v1.44\sources\common\doprnt.c"
 Parameters:    Size  Location     Type
  scl             1    wreg     char 
 Auto vars:     Size  Location     Type
  scl             1   31[BANK0 ] char 
 Return value:  Size  Location     Type
                  3   23[BANK0 ] char 
 Registers used:
		wreg, fsr0l, fsr0h, status,2, status,0, btemp+1, pclath, cstack
 Tracked objects:
		On entry : 
		On exit  : 
		Unchanged: 
 Data sizes:     COMMON   BANK0   BANK1   BANK3   BANK2
      Params:         0       3       0       0       0
      Locals:         0       4       0       0       0
      Temps:          0       2       0       0       0
      Totals:         0       9       0       0       0
Total ram usage:        9 bytes
 Hardware stack levels used:    1
 Hardware stack levels required when called:    2
 This function calls:
		___awdiv
		___awmod
		___bmul
		___ftmul
 This function is called by:
		_sprintf
 This function uses a non-reentrant model


 *************** function _isdigit *****************
 Defined at:
		line 8 in file "C:\Program Files\Microchip\xc8\v1.44\sources\common\isdigit.c"
 Parameters:    Size  Location     Type
  c               1    wreg     unsigned char 
 Auto vars:     Size  Location     Type
  c               1    1[COMMON] unsigned char 
 Return value:  Size  Location     Type
		None               void
 Registers used:
		wreg, status,2, status,0
 Tracked objects:
		On entry : 
		On exit  : 
		Unchanged: 
 Data sizes:     COMMON   BANK0   BANK1   BANK3   BANK2
      Params:         0       0       0       0       0
      Locals:         2       0       0       0       0
      Temps:          0       0       0       0       0
      Totals:         2       0       0       0       0
Total ram usage:        2 bytes
 Hardware stack levels used:    1
 This function calls:
		Nothing
 This function is called by:
		_sprintf
 This function uses a non-reentrant model


 *************** function _fround *****************
 Defined at:
		line 409 in file "C:\Program Files\Microchip\xc8\v1.44\sources\common\doprnt.c"
 Parameters:    Size  Location     Type
  prec            1    wreg     unsigned char 
 Auto vars:     Size  Location     Type
  prec            1   38[BANK0 ] unsigned char 
 Return value:  Size  Location     Type
                  3   23[BANK0 ] unsigned char 
 Registers used:
		wreg, fsr0l, fsr0h, status,2, status,0, btemp+1, pclath, cstack
 Tracked objects:
		On entry : 
		On exit  : 
		Unchanged: 
 Data sizes:     COMMON   BANK0   BANK1   BANK3   BANK2
      Params:         0       3       0       0       0
      Locals:         0       7       0       0       0
      Temps:          0       6       0       0       0
      Totals:         0      16       0       0       0
Total ram usage:       16 bytes
 Hardware stack levels used:    1
 Hardware stack levels required when called:    2
 This function calls:
		___awdiv
		___awmod
		___bmul
		___ftmul
 This function is called by:
		_sprintf
 This function uses a non-reentrant model


 *************** function ___ftmul *****************
 Defined at:
		line 62 in file "C:\Program Files\Microchip\xc8\v1.44\sources\common\ftmul.c"
 Parameters:    Size  Location     Type
  f1              3    7[BANK0 ] float 
  f2              3   10[BANK0 ] float 
 Auto vars:     Size  Location     Type
  f3_as_produc    3   18[BANK0 ] unsigned um
  sign            1   22[BANK0 ] unsigned char 
  cntr            1   21[BANK0 ] unsigned char 
  exp             1   17[BANK0 ] unsigned char 
 Return value:  Size  Location     Type
                  3    7[BANK0 ] float 
 Registers used:
		wreg, status,2, status,0, pclath, cstack
 Tracked objects:
		On entry : 
		On exit  : 
		Unchanged: 
 Data sizes:     COMMON   BANK0   BANK1   BANK3   BANK2
      Params:         0       6       0       0       0
      Locals:         0       6       0       0       0
      Temps:          0       4       0       0       0
      Totals:         0      16       0       0       0
Total ram usage:       16 bytes
 Hardware stack levels used:    1
 Hardware stack levels required when called:    1
 This function calls:
		___ftpack
 This function is called by:
		_fround
		_scale
		_sprintf
 This function uses a non-reentrant model


 *************** function ___bmul *****************
 Defined at:
		line 4 in file "C:\Program Files\Microchip\xc8\v1.44\sources\common\Umul8.c"
 Parameters:    Size  Location     Type
  multiplier      1    wreg     unsigned char 
  multiplicand    1    4[BANK0 ] unsigned char 
 Auto vars:     Size  Location     Type
  multiplier      1    6[BANK0 ] unsigned char 
  product         1    5[BANK0 ] unsigned char 
 Return value:  Size  Location     Type
                  1    wreg      unsigned char 
 Registers used:
		wreg, status,2, status,0
 Tracked objects:
		On entry : 
		On exit  : 
		Unchanged: 
 Data sizes:     COMMON   BANK0   BANK1   BANK3   BANK2
      Params:         0       1       0       0       0
      Locals:         0       2       0       0       0
      Temps:          1       0       0       0       0
      Totals:         1       3       0       0       0
Total ram usage:        4 bytes
 Hardware stack levels used:    1
 This function calls:
		Nothing
 This function is called by:
		_fround
		_scale
 This function uses a non-reentrant model


 *************** function ___awmod *****************
 Defined at:
		line 6 in file "C:\Program Files\Microchip\xc8\v1.44\sources\common\awmod.c"
 Parameters:    Size  Location     Type
  divisor         2    0[COMMON] int 
  dividend        2    2[COMMON] int 
 Auto vars:     Size  Location     Type
  sign            1    6[COMMON] unsigned char 
  counter         1    5[COMMON] unsigned char 
 Return value:  Size  Location     Type
                  2    0[COMMON] int 
 Registers used:
		wreg, status,2, status,0
 Tracked objects:
		On entry : 
		On exit  : 
		Unchanged: 
 Data sizes:     COMMON   BANK0   BANK1   BANK3   BANK2
      Params:         4       0       0       0       0
      Locals:         2       0       0       0       0
      Temps:          1       0       0       0       0
      Totals:         7       0       0       0       0
Total ram usage:        7 bytes
 Hardware stack levels used:    1
 This function calls:
		Nothing
 This function is called by:
		_fround
		_scale
 This function uses a non-reentrant model


 *************** function ___awdiv *****************
 Defined at:
		line 6 in file "C:\Program Files\Microchip\xc8\v1.44\sources\common\awdiv.c"
 Parameters:    Size  Location     Type
  divisor         2    7[COMMON] int 
  dividend        2    9[COMMON] int 
 Auto vars:     Size  Location     Type
  quotient        2    2[BANK0 ] int 
  sign            1    1[BANK0 ] unsigned char 
  counter         1    0[BANK0 ] unsigned char 
 Return value:  Size  Location     Type
                  2    7[COMMON] int 
 Registers used:
		wreg, status,2, status,0
 Tracked objects:
		On entry : 
		On exit  : 
		Unchanged: 
 Data sizes:     COMMON   BANK0   BANK1   BANK3   BANK2
      Params:         4       0       0       0       0
      Locals:         0       4       0       0       0
      Temps:          1       0       0       0       0
      Totals:         5       4       0       0       0
Total ram usage:        9 bytes
 Hardware stack levels used:    1
 This function calls:
		Nothing
 This function is called by:
		_fround
		_scale
		_sprintf
 This function uses a non-reentrant model


 *************** function __tdiv_to_l_ *****************
 Defined at:
		line 60 in file "C:\Program Files\Microchip\xc8\v1.44\sources\common\ftdivl.c"
 Parameters:    Size  Location     Type
  f1              3    0[COMMON] float 
  f2              3    3[COMMON] float 
 Auto vars:     Size  Location     Type
  quot            4    0[BANK0 ] unsigned long 
  exp1            1    5[BANK0 ] unsigned char 
  cntr            1    4[BANK0 ] unsigned char 
 Return value:  Size  Location     Type
                  4    0[COMMON] unsigned long 
 Registers used:
		wreg, status,2, status,0
 Tracked objects:
		On entry : 
		On exit  : 
		Unchanged: 
 Data sizes:     COMMON   BANK0   BANK1   BANK3   BANK2
      Params:         6       0       0       0       0
      Locals:         0       6       0       0       0
      Temps:          4       0       0       0       0
      Totals:        10       6       0       0       0
Total ram usage:       16 bytes
 Hardware stack levels used:    1
 This function calls:
		Nothing
 This function is called by:
		_sprintf
 This function uses a non-reentrant model


 *************** function __div_to_l_ *****************
 Defined at:
		line 60 in file "C:\Program Files\Microchip\xc8\v1.44\sources\common\fldivl.c"
 Parameters:    Size  Location     Type
  f1              3    0[COMMON] unsigned long 
  f2              3    3[COMMON] unsigned long 
 Auto vars:     Size  Location     Type
  quot            4    0[BANK0 ] unsigned long 
  exp1            1    5[BANK0 ] unsigned char 
  cntr            1    4[BANK0 ] unsigned char 
 Return value:  Size  Location     Type
                  4    0[COMMON] unsigned long 
 Registers used:
		wreg, fsr0l, fsr0h, status,2, status,0
 Tracked objects:
		On entry : 
		On exit  : 
		Unchanged: 
 Data sizes:     COMMON   BANK0   BANK1   BANK3   BANK2
      Params:         6       0       0       0       0
      Locals:         0       6       0       0       0
      Temps:          8       0       0       0       0
      Totals:        14       6       0       0       0
Total ram usage:       20 bytes
 Hardware stack levels used:    1
 This function calls:
		Nothing
 This function is called by:
		_sprintf
 This function uses a non-reentrant model


 *************** function ___wmul *****************
 Defined at:
		line 15 in file "C:\Program Files\Microchip\xc8\v1.44\sources\common\Umul16.c"
 Parameters:    Size  Location     Type
  multiplier      2    0[COMMON] unsigned int 
  multiplicand    2    2[COMMON] unsigned int 
 Auto vars:     Size  Location     Type
  product         2    4[COMMON] unsigned int 
 Return value:  Size  Location     Type
                  2    0[COMMON] unsigned int 
 Registers used:
		wreg, status,2, status,0
 Tracked objects:
		On entry : 
		On exit  : 
		Unchanged: 
 Data sizes:     COMMON   BANK0   BANK1   BANK3   BANK2
      Params:         4       0       0       0       0
      Locals:         2       0       0       0       0
      Temps:          0       0       0       0       0
      Totals:         6       0       0       0       0
Total ram usage:        6 bytes
 Hardware stack levels used:    1
 This function calls:
		Nothing
 This function is called by:
		_LCD_Writeuns
		_LCD_Writesig
		_sprintf
 This function uses a non-reentrant model


 *************** function ___lltoft *****************
 Defined at:
		line 35 in file "C:\Program Files\Microchip\xc8\v1.44\sources\common\lltoft.c"
 Parameters:    Size  Location     Type
  c               4    8[COMMON] unsigned long 
 Auto vars:     Size  Location     Type
  exp             1   13[COMMON] unsigned char 
 Return value:  Size  Location     Type
                  3    8[COMMON] float 
 Registers used:
		wreg, status,2, status,0, pclath, cstack
 Tracked objects:
		On entry : 
		On exit  : 
		Unchanged: 
 Data sizes:     COMMON   BANK0   BANK1   BANK3   BANK2
      Params:         4       0       0       0       0
      Locals:         1       0       0       0       0
      Temps:          1       0       0       0       0
      Totals:         6       0       0       0       0
Total ram usage:        6 bytes
 Hardware stack levels used:    1
 Hardware stack levels required when called:    1
 This function calls:
		___ftpack
 This function is called by:
		_sprintf
 This function uses a non-reentrant model


 *************** function ___llmod *****************
 Defined at:
		line 6 in file "C:\Program Files\Microchip\xc8\v1.44\sources\common\llmod.c"
 Parameters:    Size  Location     Type
  divisor         4    0[COMMON] unsigned long 
  dividend        4    4[COMMON] unsigned long 
 Auto vars:     Size  Location     Type
  counter         1    9[COMMON] unsigned char 
 Return value:  Size  Location     Type
                  4    0[COMMON] unsigned long 
 Registers used:
		wreg, status,2, status,0
 Tracked objects:
		On entry : 
		On exit  : 
		Unchanged: 
 Data sizes:     COMMON   BANK0   BANK1   BANK3   BANK2
      Params:         8       0       0       0       0
      Locals:         1       0       0       0       0
      Temps:          1       0       0       0       0
      Totals:        10       0       0       0       0
Total ram usage:       10 bytes
 Hardware stack levels used:    1
 This function calls:
		Nothing
 This function is called by:
		_sprintf
 This function uses a non-reentrant model


 *************** function ___lldiv *****************
 Defined at:
		line 6 in file "C:\Program Files\Microchip\xc8\v1.44\sources\common\lldiv.c"
 Parameters:    Size  Location     Type
  divisor         4    0[COMMON] unsigned long 
  dividend        4    4[COMMON] unsigned long 
 Auto vars:     Size  Location     Type
  quotient        4    9[COMMON] unsigned long 
  counter         1   13[COMMON] unsigned char 
 Return value:  Size  Location     Type
                  4    0[COMMON] unsigned long 
 Registers used:
		wreg, status,2, status,0
 Tracked objects:
		On entry : 
		On exit  : 
		Unchanged: 
 Data sizes:     COMMON   BANK0   BANK1   BANK3   BANK2
      Params:         8       0       0       0       0
      Locals:         5       0       0       0       0
      Temps:          1       0       0       0       0
      Totals:        14       0       0       0       0
Total ram usage:       14 bytes
 Hardware stack levels used:    1
 This function calls:
		Nothing
 This function is called by:
		_sprintf
 This function uses a non-reentrant model


 *************** function ___fttol *****************
 Defined at:
		line 44 in file "C:\Program Files\Microchip\xc8\v1.44\sources\common\fttol.c"
 Parameters:    Size  Location     Type
  f1              3   32[BANK0 ] float 
 Auto vars:     Size  Location     Type
  lval            4   41[BANK0 ] unsigned long 
  exp1            1   45[BANK0 ] unsigned char 
  sign1           1   40[BANK0 ] unsigned char 
 Return value:  Size  Location     Type
                  4   32[BANK0 ] long 
 Registers used:
		wreg, status,2, status,0
 Tracked objects:
		On entry : 
		On exit  : 
		Unchanged: 
 Data sizes:     COMMON   BANK0   BANK1   BANK3   BANK2
      Params:         0       4       0       0       0
      Locals:         0       6       0       0       0
      Temps:          0       4       0       0       0
      Totals:         0      14       0       0       0
Total ram usage:       14 bytes
 Hardware stack levels used:    1
 This function calls:
		Nothing
 This function is called by:
		_sprintf
 This function uses a non-reentrant model


 *************** function ___ftsub *****************
 Defined at:
		line 18 in file "C:\Program Files\Microchip\xc8\v1.44\sources\common\ftsub.c"
 Parameters:    Size  Location     Type
  f2              3   52[BANK0 ] float 
  f1              3   55[BANK0 ] float 
 Auto vars:     Size  Location     Type
		None
 Return value:  Size  Location     Type
                  3   52[BANK0 ] float 
 Registers used:
		wreg, status,2, status,0, pclath, cstack
 Tracked objects:
		On entry : 
		On exit  : 
		Unchanged: 
 Data sizes:     COMMON   BANK0   BANK1   BANK3   BANK2
      Params:         0       6       0       0       0
      Locals:         0       0       0       0       0
      Temps:          0       0       0       0       0
      Totals:         0       6       0       0       0
Total ram usage:        6 bytes
 Hardware stack levels used:    1
 Hardware stack levels required when called:    2
 This function calls:
		___ftadd
 This function is called by:
		_sprintf
 This function uses a non-reentrant model


 *************** function ___ftadd *****************
 Defined at:
		line 86 in file "C:\Program Files\Microchip\xc8\v1.44\sources\common\ftadd.c"
 Parameters:    Size  Location     Type
  f1              3   39[BANK0 ] float 
  f2              3   42[BANK0 ] float 
 Auto vars:     Size  Location     Type
  exp1            1   51[BANK0 ] unsigned char 
  exp2            1   50[BANK0 ] unsigned char 
  sign            1   49[BANK0 ] unsigned char 
 Return value:  Size  Location     Type
                  3   39[BANK0 ] float 
 Registers used:
		wreg, status,2, status,0, pclath, cstack
 Tracked objects:
		On entry : 
		On exit  : 
		Unchanged: 
 Data sizes:     COMMON   BANK0   BANK1   BANK3   BANK2
      Params:         0       6       0       0       0
      Locals:         0       3       0       0       0
      Temps:          0       4       0       0       0
      Totals:         0      13       0       0       0
Total ram usage:       13 bytes
 Hardware stack levels used:    1
 Hardware stack levels required when called:    1
 This function calls:
		___ftpack
 This function is called by:
		_sprintf
		___ftsub
 This function uses a non-reentrant model


 *************** function ___ftpack *****************
 Defined at:
		line 62 in file "C:\Program Files\Microchip\xc8\v1.44\sources\common\float.c"
 Parameters:    Size  Location     Type
  arg             3    0[COMMON] unsigned um
  exp             1    3[COMMON] unsigned char 
  sign            1    4[COMMON] unsigned char 
 Auto vars:     Size  Location     Type
		None
 Return value:  Size  Location     Type
                  3    0[COMMON] float 
 Registers used:
		wreg, status,2, status,0
 Tracked objects:
		On entry : 
		On exit  : 
		Unchanged: 
 Data sizes:     COMMON   BANK0   BANK1   BANK3   BANK2
      Params:         5       0       0       0       0
      Locals:         0       0       0       0       0
      Temps:          3       0       0       0       0
      Totals:         8       0       0       0       0
Total ram usage:        8 bytes
 Hardware stack levels used:    1
 This function calls:
		Nothing
 This function is called by:
		___ftadd
		___ftmul
		___lltoft
 This function uses a non-reentrant model


 *************** function ___ftneg *****************
 Defined at:
		line 15 in file "C:\Program Files\Microchip\xc8\v1.44\sources\common\ftneg.c"
 Parameters:    Size  Location     Type
  f1              3    0[COMMON] float 
 Auto vars:     Size  Location     Type
		None
 Return value:  Size  Location     Type
                  3    0[COMMON] float 
 Registers used:
		wreg
 Tracked objects:
		On entry : 
		On exit  : 
		Unchanged: 
 Data sizes:     COMMON   BANK0   BANK1   BANK3   BANK2
      Params:         3       0       0       0       0
      Locals:         0       0       0       0       0
      Temps:          0       0       0       0       0
      Totals:         3       0       0       0       0
Total ram usage:        3 bytes
 Hardware stack levels used:    1
 This function calls:
		Nothing
 This function is called by:
		_sprintf
 This function uses a non-reentrant model


 *************** function ___ftge *****************
 Defined at:
		line 4 in file "C:\Program Files\Microchip\xc8\v1.44\sources\common\ftge.c"
 Parameters:    Size  Location     Type
  ff1             3    0[COMMON] float 
  ff2             3    3[COMMON] float 
 Auto vars:     Size  Location     Type
		None
 Return value:  Size  Location     Type
		None               void
 Registers used:
		wreg, status,2, status,0
 Tracked objects:
		On entry : 
		On exit  : 
		Unchanged: 
 Data sizes:     COMMON   BANK0   BANK1   BANK3   BANK2
      Params:         6       0       0       0       0
      Locals:         0       0       0       0       0
      Temps:          6       0       0       0       0
      Totals:        12       0       0       0       0
Total ram usage:       12 bytes
 Hardware stack levels used:    1
 This function calls:
		Nothing
 This function is called by:
		_sprintf
 This function uses a non-reentrant model


 *************** function _LCD_Writestr *****************
 Defined at:
		line 203 in file "hd44780sz.c"
 Parameters:    Size  Location     Type
  s               2    4[COMMON] PTR const unsigned char 
		 -> LCD_Writeflo@buf(20), STR_7(16), STR_6(17), STR_5(9), 
		 -> STR_4(9), STR_3(11), STR_2(16), STR_1(13), 
 Auto vars:     Size  Location     Type
		None
 Return value:  Size  Location     Type
                  1    wreg      void 
 Registers used:
		wreg, fsr0l, fsr0h, status,2, status,0, btemp+1, pclath, cstack
 Tracked objects:
		On entry : 
		On exit  : 
		Unchanged: 
 Data sizes:     COMMON   BANK0   BANK1   BANK3   BANK2
      Params:         2       0       0       0       0
      Locals:         0       0       0       0       0
      Temps:          0       0       0       0       0
      Totals:         2       0       0       0       0
Total ram usage:        2 bytes
 Hardware stack levels used:    1
 Hardware stack levels required when called:    4
 This function calls:
		_LCD_Putchar
 This function is called by:
		_main
		_LCD_Writeflo
 This function uses a non-reentrant model


 *************** function _LCD_Init *****************
 Defined at:
		line 53 in file "hd44780sz.c"
 Parameters:    Size  Location     Type
		None
 Auto vars:     Size  Location     Type
		None
 Return value:  Size  Location     Type
                  1    wreg      void 
 Registers used:
		wreg, status,2, status,0, pclath, cstack
 Tracked objects:
		On entry : 
		On exit  : 
		Unchanged: 
 Data sizes:     COMMON   BANK0   BANK1   BANK3   BANK2
      Params:         0       0       0       0       0
      Locals:         0       0       0       0       0
      Temps:          3       0       0       0       0
      Totals:         3       0       0       0       0
Total ram usage:        3 bytes
 Hardware stack levels used:    1
 Hardware stack levels required when called:    4
 This function calls:
		__LCD_Command
		__LCD_Isbusy
		__LCD_Nibble
		__LCD_Strobe
 This function is called by:
		_main
 This function uses a non-reentrant model


 *************** function _LCD_Goto *****************
 Defined at:
		line 93 in file "hd44780sz.c"
 Parameters:    Size  Location     Type
  row             1    wreg     char 
  col             1    5[COMMON] char 
 Auto vars:     Size  Location     Type
  row             1    7[COMMON] char 
 Return value:  Size  Location     Type
                  1    wreg      void 
 Registers used:
		wreg, fsr0l, fsr0h, status,2, status,0, pclath, cstack
 Tracked objects:
		On entry : 
		On exit  : 
		Unchanged: 
 Data sizes:     COMMON   BANK0   BANK1   BANK3   BANK2
      Params:         1       0       0       0       0
      Locals:         1       0       0       0       0
      Temps:          1       0       0       0       0
      Totals:         3       0       0       0       0
Total ram usage:        3 bytes
 Hardware stack levels used:    1
 Hardware stack levels required when called:    4
 This function calls:
		__LCD_Command
 This function is called by:
		_main
 This function uses a non-reentrant model


 *************** function _LCD_Customchar *****************
 Defined at:
		line 236 in file "hd44780sz.c"
 Parameters:    Size  Location     Type
  pos             1    wreg     char 
  b               2    5[COMMON] PTR const unsigned char 
		 -> ghost(8), dot(8), pacmanl(8), pacmanr(8), 
		 -> sad(8), smile(8), teschio(8), sole(8), 
		 -> invader(8), cuore(8), stop(8), play(8), 
 Auto vars:     Size  Location     Type
  pos             1   10[COMMON] char 
  u               1   11[COMMON] char 
 Return value:  Size  Location     Type
                  1    wreg      void 
 Registers used:
		wreg, fsr0l, fsr0h, status,2, status,0, btemp+1, pclath, cstack
 Tracked objects:
		On entry : 
		On exit  : 
		Unchanged: 
 Data sizes:     COMMON   BANK0   BANK1   BANK3   BANK2
      Params:         2       0       0       0       0
      Locals:         2       0       0       0       0
      Temps:          3       0       0       0       0
      Totals:         7       0       0       0       0
Total ram usage:        7 bytes
 Hardware stack levels used:    1
 Hardware stack levels required when called:    4
 This function calls:
		_LCD_Putchar
		__LCD_Command
 This function is called by:
		_main
 This function uses a non-reentrant model


 *************** function _LCD_Putchar *****************
 Defined at:
		line 146 in file "hd44780sz.c"
 Parameters:    Size  Location     Type
  c               1    wreg     unsigned char 
 Auto vars:     Size  Location     Type
  c               1    3[COMMON] unsigned char 
 Return value:  Size  Location     Type
                  1    wreg      void 
 Registers used:
		wreg, status,2, status,0, pclath, cstack
 Tracked objects:
		On entry : 
		On exit  : 
		Unchanged: 
 Data sizes:     COMMON   BANK0   BANK1   BANK3   BANK2
      Params:         0       0       0       0       0
      Locals:         1       0       0       0       0
      Temps:          0       0       0       0       0
      Totals:         1       0       0       0       0
Total ram usage:        1 bytes
 Hardware stack levels used:    1
 Hardware stack levels required when called:    3
 This function calls:
		__LCD_Sendbyte
 This function is called by:
		_main
		_LCD_Writeuns
		_LCD_Writesig
		_LCD_Writestr
		_LCD_Customchar
 This function uses a non-reentrant model


 *************** function _LCD_Clear *****************
 Defined at:
		line 125 in file "hd44780sz.c"
 Parameters:    Size  Location     Type
		None
 Auto vars:     Size  Location     Type
		None
 Return value:  Size  Location     Type
                  1    wreg      void 
 Registers used:
		wreg, status,2, status,0, pclath, cstack
 Tracked objects:
		On entry : 
		On exit  : 
		Unchanged: 
 Data sizes:     COMMON   BANK0   BANK1   BANK3   BANK2
      Params:         0       0       0       0       0
      Locals:         0       0       0       0       0
      Temps:          0       0       0       0       0
      Totals:         0       0       0       0       0
Total ram usage:        0 bytes
 Hardware stack levels used:    1
 Hardware stack levels required when called:    4
 This function calls:
		__LCD_Command
 This function is called by:
		_main
 This function uses a non-reentrant model


 *************** function __LCD_Command *****************
 Defined at:
		line 313 in file "hd44780sz.c"
 Parameters:    Size  Location     Type
  cmd             2    3[COMMON] int 
 Auto vars:     Size  Location     Type
		None
 Return value:  Size  Location     Type
                  1    wreg      void 
 Registers used:
		wreg, status,2, status,0, pclath, cstack
 Tracked objects:
		On entry : 
		On exit  : 
		Unchanged: 
 Data sizes:     COMMON   BANK0   BANK1   BANK3   BANK2
      Params:         2       0       0       0       0
      Locals:         0       0       0       0       0
      Temps:          0       0       0       0       0
      Totals:         2       0       0       0       0
Total ram usage:        2 bytes
 Hardware stack levels used:    1
 Hardware stack levels required when called:    3
 This function calls:
		__LCD_Sendbyte
 This function is called by:
		_LCD_Init
		_LCD_Goto
		_LCD_Clear
		_LCD_Customchar
 This function uses a non-reentrant model


 *************** function __LCD_Sendbyte *****************
 Defined at:
		line 304 in file "hd44780sz.c"
 Parameters:    Size  Location     Type
  b               1    wreg     unsigned char 
 Auto vars:     Size  Location     Type
  b               1    2[COMMON] unsigned char 
 Return value:  Size  Location     Type
                  1    wreg      void 
 Registers used:
		wreg, status,2, status,0, pclath, cstack
 Tracked objects:
		On entry : 
		On exit  : 
		Unchanged: 
 Data sizes:     COMMON   BANK0   BANK1   BANK3   BANK2
      Params:         0       0       0       0       0
      Locals:         1       0       0       0       0
      Temps:          0       0       0       0       0
      Totals:         1       0       0       0       0
Total ram usage:        1 bytes
 Hardware stack levels used:    1
 Hardware stack levels required when called:    2
 This function calls:
		__LCD_Isbusy
		__LCD_Nibble
 This function is called by:
		_LCD_Putchar
		__LCD_Command
 This function uses a non-reentrant model


 *************** function __LCD_Nibble *****************
 Defined at:
		line 261 in file "hd44780sz.c"
 Parameters:    Size  Location     Type
  nibble          1    wreg     unsigned char 
 Auto vars:     Size  Location     Type
  nibble          1    1[COMMON] unsigned char 
 Return value:  Size  Location     Type
                  1    wreg      void 
 Registers used:
		wreg, status,2, status,0, pclath, cstack
 Tracked objects:
		On entry : 
		On exit  : 
		Unchanged: 
 Data sizes:     COMMON   BANK0   BANK1   BANK3   BANK2
      Params:         0       0       0       0       0
      Locals:         1       0       0       0       0
      Temps:          0       0       0       0       0
      Totals:         1       0       0       0       0
Total ram usage:        1 bytes
 Hardware stack levels used:    1
 Hardware stack levels required when called:    1
 This function calls:
		__LCD_Strobe
 This function is called by:
		_LCD_Init
		__LCD_Sendbyte
 This function uses a non-reentrant model


 *************** function __LCD_Isbusy *****************
 Defined at:
		line 320 in file "hd44780sz.c"
 Parameters:    Size  Location     Type
		None
 Auto vars:     Size  Location     Type
		None
 Return value:  Size  Location     Type
                  1    wreg      unsigned char 
 Registers used:
		wreg, status,2, status,0, pclath, cstack
 Tracked objects:
		On entry : 
		On exit  : 
		Unchanged: 
 Data sizes:     COMMON   BANK0   BANK1   BANK3   BANK2
      Params:         0       0       0       0       0
      Locals:         0       0       0       0       0
      Temps:          0       0       0       0       0
      Totals:         0       0       0       0       0
Total ram usage:        0 bytes
 Hardware stack levels used:    1
 Hardware stack levels required when called:    1
 This function calls:
		__LCD_Strobe
 This function is called by:
		_LCD_Init
		__LCD_Sendbyte
 This function uses a non-reentrant model


 *************** function __LCD_Strobe *****************
 Defined at:
		line 253 in file "hd44780sz.c"
 Parameters:    Size  Location     Type
		None
 Auto vars:     Size  Location     Type
		None
 Return value:  Size  Location     Type
                  1    wreg      void 
 Registers used:
		wreg
 Tracked objects:
		On entry : 
		On exit  : 
		Unchanged: 
 Data sizes:     COMMON   BANK0   BANK1   BANK3   BANK2
      Params:         0       0       0       0       0
      Locals:         0       0       0       0       0
      Temps:          1       0       0       0       0
      Totals:         1       0       0       0       0
Total ram usage:        1 bytes
 Hardware stack levels used:    1
 This function calls:
		Nothing
 This function is called by:
		_LCD_Init
		__LCD_Nibble
		__LCD_Isbusy
 This function uses a non-reentrant model


 *************** function _LCD_Backlight *****************
 Defined at:
		line 132 in file "hd44780sz.c"
 Parameters:    Size  Location     Type
  backlight       1    wreg     unsigned char 
 Auto vars:     Size  Location     Type
  backlight       1    0[COMMON] unsigned char 
 Return value:  Size  Location     Type
                  1    wreg      void 
 Registers used:
		wreg, status,2, status,0
 Tracked objects:
		On entry : 
		On exit  : 
		Unchanged: 
 Data sizes:     COMMON   BANK0   BANK1   BANK3   BANK2
      Params:         0       0       0       0       0
      Locals:         1       0       0       0       0
      Temps:          0       0       0       0       0
      Totals:         1       0       0       0       0
Total ram usage:        1 bytes
 Hardware stack levels used:    1
 This function calls:
		Nothing
 This function is called by:
		_main
 This function uses a non-reentrant model



MODULE INFORMATION

Module		Function		Class		Link	Load	Size
C:\Program Files\Microchip\xc8\v1.44\sources\common\doprnt.c
		_scale         		CODE           	0A1C	0000	716
		_sprintf       		CODE           	0192	0000	1639
		_fround        		CODE           	086A	0000	435

C:\Program Files\Microchip\xc8\v1.44\sources\common\doprnt.c estimated size: 2790

C:\Program Files\Microchip\xc8\v1.44\sources\common\ftmul.c
		___ftmul       		CODE           	1624	0000	212

C:\Program Files\Microchip\xc8\v1.44\sources\common\ftmul.c estimated size: 212

C:\Program Files\Microchip\xc8\v1.44\sources\common\awmod.c
		___awmod       		CODE           	1170	0000	76

C:\Program Files\Microchip\xc8\v1.44\sources\common\awmod.c estimated size: 76

C:\Program Files\Microchip\xc8\v1.44\sources\common\Umul16.c
		___wmul        		CODE           	1EFF	0000	34

C:\Program Files\Microchip\xc8\v1.44\sources\common\Umul16.c estimated size: 34

C:\Program Files\Microchip\xc8\v1.44\sources\common\lwdiv.c
		___lwdiv       		CODE           	1FC4	0000	61

C:\Program Files\Microchip\xc8\v1.44\sources\common\lwdiv.c estimated size: 61

C:\Program Files\Microchip\xc8\v1.44\sources\common\lldiv.c
		___lldiv       		CODE           	12B5	0000	95

C:\Program Files\Microchip\xc8\v1.44\sources\common\lldiv.c estimated size: 95

C:\Program Files\Microchip\xc8\v1.44\sources\common\ftdivl.c
		__tdiv_to_l_   		CODE           	1561	0000	196

C:\Program Files\Microchip\xc8\v1.44\sources\common\ftdivl.c estimated size: 196

C:\Program Files\Microchip\xc8\v1.44\sources\common\Umul8.c
		___bmul        		CODE           	1E97	0000	20

C:\Program Files\Microchip\xc8\v1.44\sources\common\Umul8.c estimated size: 20

C:\Program Files\Microchip\xc8\v1.44\sources\common\ftge.c
		___ftge        		CODE           	0003	0000	94

C:\Program Files\Microchip\xc8\v1.44\sources\common\ftge.c estimated size: 94

C:\Program Files\Microchip\xc8\v1.44\sources\common\fttol.c
		___fttol       		CODE           	14D3	0000	143

C:\Program Files\Microchip\xc8\v1.44\sources\common\fttol.c estimated size: 143

C:\Program Files\Microchip\xc8\v1.44\sources\common\awdiv.c
		___awdiv       		CODE           	125A	0000	92

C:\Program Files\Microchip\xc8\v1.44\sources\common\awdiv.c estimated size: 92

C:\Program Files\Microchip\xc8\v1.44\sources\common\fldivl.c
		__div_to_l_    		CODE           	0060	0000	307

C:\Program Files\Microchip\xc8\v1.44\sources\common\fldivl.c estimated size: 307

C:\Program Files\Microchip\xc8\v1.44\sources\common\ftadd.c
		___ftadd       		CODE           	16F7	0000	266

C:\Program Files\Microchip\xc8\v1.44\sources\common\ftadd.c estimated size: 266

shared
		_sole          		STRCODE        	10C0	0000	9
		_ghost         		STRCODE        	1088	0000	9
		__stringtab    		STRCODE        	1000	0000	19
		_play          		STRCODE        	10E0	0000	9
		_stop          		STRCODE        	10D8	0000	9
		__powers_      		STRCODE        	103A	0000	40
		_dpowers       		STRCODE        	1012	0000	41
		_teschio       		STRCODE        	10B8	0000	9
		_invader       		STRCODE        	10C8	0000	9
		__npowers_     		STRCODE        	1061	0000	40
		__initialization		CODE           	07F8	0000	5
		_dot           		STRCODE        	1090	0000	9
		_cuore         		STRCODE        	10D0	0000	9
		_sad           		STRCODE        	10A8	0000	9
		_pacmanl       		STRCODE        	1098	0000	9
		_smile         		STRCODE        	10B0	0000	9
		_pacmanr       		STRCODE        	10A0	0000	9

shared estimated size: 253

C:\Program Files\Microchip\xc8\v1.44\sources\common\ftneg.c
		___ftneg       		CODE           	1E61	0000	9

C:\Program Files\Microchip\xc8\v1.44\sources\common\ftneg.c estimated size: 9

C:\Program Files\Microchip\xc8\v1.44\sources\common\ftsub.c
		___ftsub       		CODE           	1EDE	0000	34

C:\Program Files\Microchip\xc8\v1.44\sources\common\ftsub.c estimated size: 34

hd44780sz.c
		_LCD_Init      		CODE           	145C	0000	120
		__LCD_Isbusy   		CODE           	1F95	0000	48
		__LCD_Strobe   		CODE           	1E72	0000	12
		_LCD_Putchar   		CODE           	1E69	0000	10
		__LCD_Command  		CODE           	1E51	0000	9
		_LCD_Backlight 		CODE           	1E7D	0000	13
		_LCD_Clear     		CODE           	1E59	0000	9
		_LCD_Customchar		CODE           	0805	0000	102
		_LCD_Goto      		CODE           	1207	0000	84
		__LCD_Nibble   		CODE           	1EBE	0000	33
		_LCD_Writesig  		CODE           	1F43	0000	40
		_LCD_Writeflo  		CODE           	13EA	0000	115
		_LCD_Writeuns  		CODE           	1313	0000	108
		_LCD_Writestr  		CODE           	1F20	0000	36
		__LCD_Sendbyte 		CODE           	1159	0000	24

hd44780sz.c estimated size: 763

C:\Program Files\Microchip\xc8\v1.44\sources\common\float.c
		___ftpack      		CODE           	137E	0000	109

C:\Program Files\Microchip\xc8\v1.44\sources\common\float.c estimated size: 109

C:\Program Files\Microchip\xc8\v1.44\sources\common\isdigit.c
		_isdigit       		CODE           	1E89	0000	15

C:\Program Files\Microchip\xc8\v1.44\sources\common\isdigit.c estimated size: 15

C:\Program Files\Microchip\xc8\v1.44\sources\common\lltoft.c
		___lltoft      		CODE           	1F6A	0000	44

C:\Program Files\Microchip\xc8\v1.44\sources\common\lltoft.c estimated size: 44

C:\Program Files\Microchip\xc8\v1.44\sources\common\llmod.c
		___llmod       		CODE           	11BB	0000	77

C:\Program Files\Microchip\xc8\v1.44\sources\common\llmod.c estimated size: 77

main.c
		_settings      		CODE           	1EAA	0000	21
		_main          		CODE           	0CE7	0000	794

main.c estimated size: 815

